---
source: crates/core/src/error/code.rs
expression: registry
---
{
  "account-disabled": [
    403,
    "Account is disabled"
  ],
  "conflict": [
    409,
    "Conflict"
  ],
  "csrf-rejected": [
    403,
    "Cross-site request rejected"
  ],
  "forbidden": [
    403,
    "Forbidden"
  ],
  "google-oauth-expired": [
    400,
    "Google sign-in expired or invalid"
  ],
  "internal": [
    500,
    "Internal server error"
  ],
  "invalid-credentials": [
    401,
    "Invalid credentials"
  ],
  "mfa-required": [
    401,
    "Multi-factor authentication required"
  ],
  "not-found": [
    404,
    "Not found"
  ],
  "payload-too-large": [
    413,
    "Payload too large"
  ],
  "rate-limited": [
    429,
    "Too many requests"
  ],
  "service-unavailable": [
    503,
    "Service temporarily unavailable"
  ],
  "session-expired": [
    401,
    "Session expired"
  ],
  "unauthenticated": [
    401,
    "Authentication required"
  ],
  "validation-failed": [
    422,
    "Validation failed"
  ]
}
